[INFO]    Initialized logging in ./pabot_results
[INFO]    Robot Framework remote server at 127.0.0.1:8270 started.
[DEBUG]   Storing .pabotsuitenames file
[DEBUG]   2026-03-29 10:38:27.093588 [PID:48476] [0] [ID:1] EXECUTING ItineraTests.ItineraLogin
[DEBUG]   2026-03-29 10:38:27.107033 [PID:48477] [1] [ID:0] EXECUTING ItineraTests.API ItineraLogin
[INFO]    2026-03-29 10:38:29.303623 [PID:48477] [1] [ID:0] PASSED ItineraTests.API ItineraLogin in 2.2 seconds
[DEBUG]   2026-03-29 10:38:32.310718 [PID:48476] [0] [ID:1] still running ItineraTests.ItineraLogin after 5.0s
[INFO]    2026-03-29 10:38:35.412124 [PID:48476] [0] [ID:1] PASSED ItineraTests.ItineraLogin in 8.3 seconds
[INFO]    3 tests, 3 passed, 0 failed, 0 skipped.
[INFO]    ===================================================
[INFO]    Output:  /Users/karen/RobotFramework_Demo1/output.xml
[INFO]    Log:     /Users/karen/RobotFramework_Demo1/log.html
[INFO]    Report:  /Users/karen/RobotFramework_Demo1/report.html
[DEBUG]   Finalizing Pabot execution...
[DEBUG]   Stopping PabotLib process
[INFO]    Robot Framework remote server at 127.0.0.1:8270 stopped.
[DEBUG]   PabotLib process stopped
[INFO]    Total testing: 10.50 seconds
[INFO]    Elapsed time:  8.90 seconds
[DEBUG]   Logs flushed successfully.
